{
    "query_type": "SELECT",
    "in_tables": [
        "urn:li:dataset:(urn:li:dataPlatform:oracle,table1,PROD)",
        "urn:li:dataset:(urn:li:dataPlatform:oracle,table2,PROD)"
    ],
    "out_tables": [],
    "column_lineage": [
        {
            "downstream": {
                "table": null,
                "column": "COL1"
            },
            "upstreams": [
                {
                    "table": "urn:li:dataset:(urn:li:dataPlatform:oracle,table1,PROD)",
                    "column": "COL1"
                }
            ]
        },
        {
            "downstream": {
                "table": null,
                "column": "COL3"
            },
            "upstreams": [
                {
                    "table": "urn:li:dataset:(urn:li:dataPlatform:oracle,table2,PROD)",
                    "column": "COL3"
                }
            ]
        }
    ]
}