{
    "query_type": "SELECT",
    "in_tables": [
        "urn:li:dataset:(urn:li:dataPlatform:snowflake,snowflake_sample_data.tpch_sf1.orders,PROD)"
    ],
    "out_tables": [],
    "column_lineage": [
        {
            "downstream": {
                "table": null,
                "column": "total_agg"
            },
            "upstreams": [
                {
                    "table": "urn:li:dataset:(urn:li:dataPlatform:snowflake,snowflake_sample_data.tpch_sf1.orders,PROD)",
                    "column": "TotalPrice"
                }
            ]
        },
        {
            "downstream": {
                "table": null,
                "column": "total_avg"
            },
            "upstreams": [
                {
                    "table": "urn:li:dataset:(urn:li:dataPlatform:snowflake,snowflake_sample_data.tpch_sf1.orders,PROD)",
                    "column": "TotalPrice"
                }
            ]
        },
        {
            "downstream": {
                "table": null,
                "column": "total_min"
            },
            "upstreams": [
                {
                    "table": "urn:li:dataset:(urn:li:dataPlatform:snowflake,snowflake_sample_data.tpch_sf1.orders,PROD)",
                    "column": "TotalPrice"
                }
            ]
        },
        {
            "downstream": {
                "table": null,
                "column": "total_max"
            },
            "upstreams": [
                {
                    "table": "urn:li:dataset:(urn:li:dataPlatform:snowflake,snowflake_sample_data.tpch_sf1.orders,PROD)",
                    "column": "TotalPrice"
                }
            ]
        }
    ]
}